../Core/Src/main.c:72:9:GetSensorValAndTransfer	72	static
../Core/Src/main.c:154:5:main	8	static
../Core/Src/main.c:218:6:SystemClock_Config	88	static
../Core/Src/main.c:264:13:MX_ADC1_Init	24	static
../Core/Src/main.c:316:13:MX_ADC2_Init	24	static
../Core/Src/main.c:368:13:MX_ADC3_Init	24	static
../Core/Src/main.c:420:13:MX_CAN1_Init	8	static
../Core/Src/main.c:457:13:MX_USART2_UART_Init	8	static
../Core/Src/main.c:490:13:MX_GPIO_Init	48	static
../Core/Src/main.c:524:6:Error_Handler	8	static,ignoring_inline_asm
